CRITICAL - 2025-10-16 05:30:06 --> CodeIgniter\View\Exceptions\ViewException: Invalid file: "Servicios.php"
[Method: GET, Route: Servicios]
in SYSTEMPATH\Exceptions\FrameworkException.php on line 39.
 1 SYSTEMPATH\View\View.php(214): CodeIgniter\Exceptions\FrameworkException::forInvalidFile('Servicios.php')
 2 SYSTEMPATH\Common.php(1167): CodeIgniter\View\View->render('Servicios', [], true)
 3 APPPATH\Controllers\servicios.php(9): view('Servicios')
 4 SYSTEMPATH\CodeIgniter.php(933): App\Controllers\Servicios->index()
 5 SYSTEMPATH\CodeIgniter.php(507): CodeIgniter\CodeIgniter->runController(Object(App\Controllers\Servicios))
 6 SYSTEMPATH\CodeIgniter.php(354): CodeIgniter\CodeIgniter->handleRequest(null, Object(Config\Cache), false)
 7 SYSTEMPATH\Boot.php(363): CodeIgniter\CodeIgniter->run()
 8 SYSTEMPATH\Boot.php(68): CodeIgniter\Boot::runCodeIgniter(Object(CodeIgniter\CodeIgniter))
 9 FCPATH\index.php(59): CodeIgniter\Boot::bootWeb(Object(Config\Paths))
CRITICAL - 2025-10-16 05:31:37 --> CodeIgniter\View\Exceptions\ViewException: Invalid file: "Servicios.php"
[Method: GET, Route: Servicios]
in SYSTEMPATH\Exceptions\FrameworkException.php on line 39.
 1 SYSTEMPATH\View\View.php(214): CodeIgniter\Exceptions\FrameworkException::forInvalidFile('Servicios.php')
 2 SYSTEMPATH\Common.php(1167): CodeIgniter\View\View->render('Servicios', [], true)
 3 APPPATH\Controllers\Servicios.php(9): view('Servicios')
 4 SYSTEMPATH\CodeIgniter.php(933): App\Controllers\Servicios->index()
 5 SYSTEMPATH\CodeIgniter.php(507): CodeIgniter\CodeIgniter->runController(Object(App\Controllers\Servicios))
 6 SYSTEMPATH\CodeIgniter.php(354): CodeIgniter\CodeIgniter->handleRequest(null, Object(Config\Cache), false)
 7 SYSTEMPATH\Boot.php(363): CodeIgniter\CodeIgniter->run()
 8 SYSTEMPATH\Boot.php(68): CodeIgniter\Boot::runCodeIgniter(Object(CodeIgniter\CodeIgniter))
 9 FCPATH\index.php(59): CodeIgniter\Boot::bootWeb(Object(Config\Paths))
CRITICAL - 2025-10-16 05:31:44 --> CodeIgniter\View\Exceptions\ViewException: Invalid file: "Servicios.php"
[Method: GET, Route: Servicios]
in SYSTEMPATH\Exceptions\FrameworkException.php on line 39.
 1 SYSTEMPATH\View\View.php(214): CodeIgniter\Exceptions\FrameworkException::forInvalidFile('Servicios.php')
 2 SYSTEMPATH\Common.php(1167): CodeIgniter\View\View->render('Servicios', [], true)
 3 APPPATH\Controllers\Servicios.php(9): view('Servicios')
 4 SYSTEMPATH\CodeIgniter.php(933): App\Controllers\Servicios->index()
 5 SYSTEMPATH\CodeIgniter.php(507): CodeIgniter\CodeIgniter->runController(Object(App\Controllers\Servicios))
 6 SYSTEMPATH\CodeIgniter.php(354): CodeIgniter\CodeIgniter->handleRequest(null, Object(Config\Cache), false)
 7 SYSTEMPATH\Boot.php(363): CodeIgniter\CodeIgniter->run()
 8 SYSTEMPATH\Boot.php(68): CodeIgniter\Boot::runCodeIgniter(Object(CodeIgniter\CodeIgniter))
 9 FCPATH\index.php(59): CodeIgniter\Boot::bootWeb(Object(Config\Paths))
CRITICAL - 2025-10-16 05:33:16 --> CodeIgniter\View\Exceptions\ViewException: Invalid file: "Servicios.php"
[Method: GET, Route: Servicios]
in SYSTEMPATH\Exceptions\FrameworkException.php on line 39.
 1 SYSTEMPATH\View\View.php(214): CodeIgniter\Exceptions\FrameworkException::forInvalidFile('Servicios.php')
 2 SYSTEMPATH\Common.php(1167): CodeIgniter\View\View->render('Servicios', [], true)
 3 APPPATH\Controllers\Servicios.php(9): view('Servicios')
 4 SYSTEMPATH\CodeIgniter.php(933): App\Controllers\Servicios->index()
 5 SYSTEMPATH\CodeIgniter.php(507): CodeIgniter\CodeIgniter->runController(Object(App\Controllers\Servicios))
 6 SYSTEMPATH\CodeIgniter.php(354): CodeIgniter\CodeIgniter->handleRequest(null, Object(Config\Cache), false)
 7 SYSTEMPATH\Boot.php(363): CodeIgniter\CodeIgniter->run()
 8 SYSTEMPATH\Boot.php(68): CodeIgniter\Boot::runCodeIgniter(Object(CodeIgniter\CodeIgniter))
 9 FCPATH\index.php(59): CodeIgniter\Boot::bootWeb(Object(Config\Paths))
